lv_btnmatrix.c:1203:17:get_button_from_point	72	static
lv_btnmatrix.c:1253:13:invalidate_button_area	32	static
lv_btnmatrix.c:137:6:lv_btnmatrix_set_map	128	static
lv_btnmatrix.c:272:6:lv_btnmatrix_set_ctrl_map	16	static
lv_btnmatrix.c:71:12:lv_btnmatrix_create	24	static
lv_btnmatrix.c:287:6:lv_btnmatrix_set_focused_btn	16	static
lv_btnmatrix.c:307:6:lv_btnmatrix_set_recolor	16	static
lv_btnmatrix.c:345:6:lv_btnmatrix_clear_btn_ctrl	16	static
lv_btnmatrix.c:379:6:lv_btnmatrix_clear_btn_ctrl_all	24	static
lv_btnmatrix.c:322:6:lv_btnmatrix_set_btn_ctrl	24	static
lv_btnmatrix.c:362:6:lv_btnmatrix_set_btn_ctrl_all	24	static
lv_btnmatrix.c:399:6:lv_btnmatrix_set_btn_width	16	static
lv_btnmatrix.c:435:6:lv_btnmatrix_set_align	16	static
lv_btnmatrix.c:456:15:lv_btnmatrix_get_map_array	8	static
lv_btnmatrix.c:469:6:lv_btnmatrix_get_recolor	8	static
lv_btnmatrix.c:484:10:lv_btnmatrix_get_active_btn	8	static
lv_btnmatrix.c:517:10:lv_btnmatrix_get_focused_btn	8	static
lv_btnmatrix.c:532:14:lv_btnmatrix_get_btn_text	32	static
lv_btnmatrix.c:498:14:lv_btnmatrix_get_active_btn_text	8	static
lv_btnmatrix.c:563:6:lv_btnmatrix_get_btn_ctrl	16	static
lv_btnmatrix.c:1279:13:make_one_button_toggled	16	static
lv_btnmatrix.c:823:17:lv_btnmatrix_signal	40	static
lv_btnmatrix.c:419:6:lv_btnmatrix_set_one_check	16	static
lv_btnmatrix.c:579:6:lv_btnmatrix_get_one_check	8	static
lv_btnmatrix.c:593:18:lv_btnmatrix_get_align	8	static
lv_btnmatrix.c:628:24:lv_btnmatrix_design.part.4	608	static
lv_btnmatrix.c:628:24:lv_btnmatrix_design	8	static
