lv_label.c:1492:13:lv_label_dot_tmp_free	8	static
lv_label.c:1403:13:lv_label_revert_dots	24	static
lv_label.c:1447:13:lv_label_set_dot_tmp	24	static
lv_label.c:1432:13:lv_label_set_offset_y	16	static
lv_label.c:1425:13:lv_label_set_offset_x	16	static
lv_label.c:1502:13:get_txt_coords	24	static
lv_label.c:348:6:lv_label_set_align	16	static
lv_label.c:403:6:lv_label_set_text_sel_start	8	static
lv_label.c:417:6:lv_label_set_text_sel_end	0	static
lv_label.c:440:8:lv_label_get_text	8	static
lv_label.c:454:22:lv_label_get_long_mode	8	static
lv_label.c:467:18:lv_label_get_align	8	static
lv_label.c:495:6:lv_label_get_recolor	8	static
lv_label.c:508:10:lv_label_get_anim_speed	8	static
lv_label.c:528:6:lv_label_get_letter_pos	88	static
lv_label.c:650:10:lv_label_get_letter_on	88	static
lv_label.c:781:10:lv_label_get_text_sel_start	8	static
lv_label.c:800:10:lv_label_get_text_sel_end	8	static
lv_label.c:1243:24:lv_label_design	200	static
lv_label.c:819:6:lv_label_is_char_under_pos	88	static
lv_label.c:905:19:lv_label_get_style	0	static
lv_label.c:998:6:lv_label_refr_text	152	static
lv_label.c:1350:17:lv_label_signal	24	static
lv_label.c:180:6:lv_label_set_text	24	static
lv_label.c:253:6:lv_label_set_text_fmt	28	static
lv_label.c:288:6:lv_label_set_text_static	24	static
lv_label.c:313:6:lv_label_set_long_mode	16	static
lv_label.c:366:6:lv_label_set_recolor	16	static
lv_label.c:76:12:lv_label_create	24	static
lv_label.c:384:6:lv_label_set_anim_speed	16	static
lv_label.c:929:6:lv_label_ins_text	32	static
lv_label.c:975:6:lv_label_cut_text	16	static
