lv_linemeter.c:612:17:lv_linemeter_signal	24	static
lv_linemeter.c:53:12:lv_linemeter_create	16	static
lv_linemeter.c:117:6:lv_linemeter_set_value	88	static
lv_linemeter.c:219:6:lv_linemeter_set_range	24	static
lv_linemeter.c:245:6:lv_linemeter_set_scale	16	static
lv_linemeter.c:263:6:lv_linemeter_set_angle_offset	16	static
lv_linemeter.c:278:6:lv_linemeter_set_mirror	16	static
lv_linemeter.c:297:9:lv_linemeter_get_value	8	static
lv_linemeter.c:310:9:lv_linemeter_get_min_value	8	static
lv_linemeter.c:323:9:lv_linemeter_get_max_value	8	static
lv_linemeter.c:336:10:lv_linemeter_get_line_count	8	static
lv_linemeter.c:349:10:lv_linemeter_get_scale_angle	8	static
lv_linemeter.c:362:10:lv_linemeter_get_angle_offset	8	static
lv_linemeter.c:374:6:lv_linemeter_get_mirror	8	static
lv_linemeter.c:381:6:lv_linemeter_draw_scale	208	static
lv_linemeter.c:584:24:lv_linemeter_design	104	static
