lv_textarea.c:1626:13:pwd_char_hider_anim	0	static
lv_page.h:186:20:lv_page_set_scrollable_fit2	24	static
lv_textarea.c:1288:24:lv_textarea_design	8	static
lv_anim.h:200:20:lv_anim_set_path	0	static
lv_area.h:100:20:lv_area_copy	0	static
lv_textarea.c:1602:13:cursor_blink_anim	24	static
lv_textarea.c:1647:13:pwd_char_hider	48	static
lv_textarea.c:1636:13:pwd_char_hider_anim_ready	0	static
lv_textarea.c:1315:24:lv_textarea_scrollable_design	168	static
lv_textarea.c:560:6:lv_textarea_set_placeholder_text	24	static
lv_textarea.c:698:6:lv_textarea_set_cursor_click_pos	16	static
lv_textarea.c:826:6:lv_textarea_set_accepted_chars	16	static
lv_textarea.c:840:6:lv_textarea_set_max_length	16	static
lv_textarea.c:857:6:lv_textarea_set_insert_replace	16	static
lv_textarea.c:870:6:lv_textarea_set_text_sel	8	static
lv_textarea.c:891:6:lv_textarea_set_pwd_show_time	16	static
lv_textarea.c:908:6:lv_textarea_set_cursor_blink_time	96	static
lv_textarea.c:954:14:lv_textarea_get_text	8	static
lv_textarea.c:976:14:lv_textarea_get_placeholder_text	8	static
lv_textarea.c:990:12:lv_textarea_get_label	8	static
lv_textarea.c:1003:10:lv_textarea_get_cursor_pos	8	static
lv_textarea.c:1713:13:refr_cursor_area	80	static
lv_textarea.c:603:6:lv_textarea_set_cursor_pos	128	static
lv_textarea.c:1796:13:update_cursor_position_on_click	48	static
lv_textarea.c:1513:17:lv_textarea_scrollable_signal	32	static
lv_textarea.c:682:6:lv_textarea_set_cursor_hidden	16	static
lv_textarea.c:793:6:lv_textarea_set_text_align	24	static
lv_textarea.c:750:6:lv_textarea_set_one_line	32	static
lv_textarea.c:88:12:lv_textarea_create	104	static
lv_textarea.c:1016:6:lv_textarea_get_cursor_hidden	8	static
lv_textarea.c:1029:6:lv_textarea_get_cursor_click_pos	8	static
lv_textarea.c:1042:6:lv_textarea_get_pwd_mode	8	static
lv_textarea.c:1055:6:lv_textarea_get_one_line	8	static
lv_textarea.c:1068:14:lv_textarea_get_accepted_chars	8	static
lv_textarea.c:1082:10:lv_textarea_get_max_length	8	static
lv_textarea.c:1095:6:lv_textarea_text_is_selected	8	static
lv_textarea.c:1120:6:lv_textarea_get_text_sel_en	0	static
lv_textarea.c:1138:10:lv_textarea_get_pwd_show_time	8	static
lv_textarea.c:1152:10:lv_textarea_get_cursor_blink_time	8	static
lv_textarea.c:1168:6:lv_textarea_clear_selection	8	static
lv_textarea.c:326:6:lv_textarea_add_text	112	static
lv_textarea.c:1911:17:insert_handler	24	static
lv_textarea.c:229:6:lv_textarea_add_char	128	static
lv_textarea.c:407:6:lv_textarea_del_char	32	static
lv_textarea.c:462:6:lv_textarea_del_char_forward	16	static
lv_textarea.c:480:6:lv_textarea_set_text	112	static
lv_textarea.c:711:6:lv_textarea_set_pwd_mode	16	static
lv_textarea.c:1189:6:lv_textarea_cursor_right	8	static
lv_textarea.c:1202:6:lv_textarea_cursor_left	8	static
lv_textarea.c:1217:6:lv_textarea_cursor_down	32	static
lv_textarea.c:1250:6:lv_textarea_cursor_up	24	static
lv_textarea.c:1401:17:lv_textarea_signal	32	static
