lv_table.c:798:24:lv_table_design.part.2	712	static
lv_table.c:798:24:lv_table_design	8	static
lv_table.c:1080:13:refr_size	152	static
lv_table.c:1015:17:lv_table_signal	24	static
lv_table.c:294:6:lv_table_set_row_cnt	24	static
lv_table.c:134:6:lv_table_set_cell_value	32	static
lv_table.c:201:6:lv_table_set_cell_value_fmt	36	static
lv_table.c:337:6:lv_table_set_col_cnt	24	static
lv_table.c:60:12:lv_table_create	24	static
lv_table.c:376:6:lv_table_set_col_width	16	static
lv_table.c:397:6:lv_table_set_cell_align	24	static
lv_table.c:435:6:lv_table_set_cell_type	24	static
lv_table.c:479:6:lv_table_set_cell_crop	24	static
lv_table.c:518:6:lv_table_set_cell_merge_right	32	static
lv_table.c:562:14:lv_table_get_cell_value	16	static
lv_table.c:583:10:lv_table_get_row_cnt	8	static
lv_table.c:596:10:lv_table_get_col_cnt	8	static
lv_table.c:610:12:lv_table_get_col_width	16	static
lv_table.c:631:18:lv_table_get_cell_align	16	static
lv_table.c:658:18:lv_table_get_cell_type	16	static
lv_table.c:685:18:lv_table_get_cell_crop	16	static
lv_table.c:712:6:lv_table_get_cell_merge_right	16	static
lv_table.c:740:10:lv_table_get_pressed_cell	32	static
