lv_obj.c:4582:13:style_prop_is_cacheble	0	static
lv_obj.c:4065:13:refresh_children_position	32	static
lv_obj.c:4567:13:obj_valid_child	16	static
lv_obj.c:1540:6:lv_obj_set_click.part.8	8	static
lv_area.h:100:20:lv_area_copy	0	static
lv_obj.c:171:6:lv_init	24	static
lv_obj.c:246:6:lv_deinit	8	static
lv_obj.c:527:6:lv_obj_del_async	8	static
lv_obj.c:1140:6:lv_obj_set_auto_realign	16	static
lv_obj.c:1164:6:lv_obj_set_ext_click_area	24	static
lv_obj.c:1528:6:lv_obj_set_adv_hittest	16	static
lv_obj.c:1540:6:lv_obj_set_click	16	static
lv_obj.c:1553:6:lv_obj_set_top	16	static
lv_obj.c:1565:6:lv_obj_set_drag	16	static
lv_obj.c:1578:6:lv_obj_set_drag_dir	16	static
lv_obj.c:1592:6:lv_obj_set_drag_throw	16	static
lv_obj.c:1605:6:lv_obj_set_drag_parent	16	static
lv_obj.c:1618:6:lv_obj_set_gesture_parent	0	static
lv_obj.c:1653:6:lv_obj_set_parent_event	16	static
lv_obj.c:1687:6:lv_obj_add_protect	16	static
lv_obj.c:1699:6:lv_obj_clear_protect	16	static
lv_obj.c:1876:6:lv_obj_set_event_cb	16	static
lv_obj.c:1957:10:lv_event_send_func	48	static
lv_obj.c:1890:10:lv_event_send	16	static
lv_obj.c:1906:10:lv_event_send_refresh	0	static
lv_obj.c:2014:14:lv_event_get_data	0	static
lv_obj.c:2025:6:lv_obj_set_signal_cb	16	static
lv_obj.c:2038:10:lv_signal_send	0	static
lv_obj.c:2053:6:lv_obj_set_design_cb	16	static
lv_obj.c:2071:8:lv_obj_allocate_ext_attr	16	static
lv_obj.c:2087:6:lv_obj_refresh_ext_draw_pad	8	static
lv_obj.c:2157:12:lv_obj_get_parent	8	static
lv_obj.c:2105:12:lv_obj_get_screen	8	static
lv_obj.c:2125:13:lv_obj_get_disp	24	static
lv_obj.c:2171:12:lv_obj_get_child	16	static
lv_obj.c:4127:13:base_dir_refr_children	16	static
lv_obj.c:1665:6:lv_obj_set_base_dir	8	static
lv_obj.c:1915:6:lv_event_send_refresh_recursive	16	static
lv_obj.c:2194:12:lv_obj_get_child_back	16	static
lv_obj.c:2215:10:lv_obj_count_children	16	static
lv_obj.c:2231:10:lv_obj_count_children_recursive	16	static
lv_obj.c:2255:6:lv_obj_get_coords	16	static
lv_obj.c:2288:12:lv_obj_get_x	8	static
lv_obj.c:2308:12:lv_obj_get_y	8	static
lv_obj.c:2328:12:lv_obj_get_width	8	static
lv_obj.c:2340:12:lv_obj_get_height	8	static
lv_obj.c:2452:6:lv_obj_get_auto_realign	8	static
lv_obj.c:2469:12:lv_obj_get_ext_click_pad_left	8	static
lv_obj.c:2488:12:lv_obj_get_ext_click_pad_right	0	static
lv_obj.c:2507:12:lv_obj_get_ext_click_pad_top	8	static
lv_obj.c:2526:12:lv_obj_get_ext_click_pad_bottom	0	static
lv_obj.c:2545:12:lv_obj_get_ext_draw_pad	8	static
lv_obj.c:2556:19:lv_obj_get_style_list	16	static
lv_obj.c:4428:13:trans_del	32	static
lv_obj.c:1245:6:lv_obj_clean_style_list	16	static
lv_obj.c:1485:6:_lv_obj_disable_style_caching	16	static
lv_obj.c:4519:13:trans_anim_ready_cb	16	static
lv_obj.c:2925:14:lv_obj_get_local_style	16	static
lv_obj.c:1373:6:lv_obj_remove_style_local_prop	16	static
lv_obj.c:4550:13:fade_in_anim_ready	8	static
lv_obj.c:2941:6:lv_obj_get_hidden	8	static
lv_obj.c:591:6:lv_obj_area_is_visible	32	static
lv_obj.c:553:6:lv_obj_invalidate_area	24	static
lv_obj.c:568:6:lv_obj_invalidate	24	static
lv_obj.c:721:6:lv_obj_move_foreground	16	static
lv_obj.c:744:6:lv_obj_move_background	16	static
lv_obj.c:773:6:lv_obj_set_pos	40	static
lv_obj.c:825:6:lv_obj_set_x	16	static
lv_obj.c:837:6:lv_obj_set_y	16	static
lv_obj.c:4142:13:obj_align_core	32	static
lv_obj.c:985:6:lv_obj_align	40	static
lv_obj.c:1012:6:lv_obj_align_x	40	static
lv_obj.c:1030:6:lv_obj_align_y	40	static
lv_obj.c:4162:13:obj_align_mid_core	56	static
lv_obj.c:1049:6:lv_obj_align_mid	40	static
lv_obj.c:1119:6:lv_obj_realign	24	static
lv_obj.c:1079:6:lv_obj_align_mid_x	40	static
lv_obj.c:1101:6:lv_obj_align_mid_y	40	static
lv_obj.c:4114:13:refresh_children_style	16	static
lv_obj.c:1509:6:lv_obj_set_hidden	16	static
lv_obj.c:636:6:lv_obj_is_visible	24	static
lv_obj.c:2953:6:lv_obj_get_adv_hittest	8	static
lv_obj.c:2965:6:lv_obj_get_click	8	static
lv_obj.c:2977:6:lv_obj_get_top	8	static
lv_obj.c:2989:6:lv_obj_get_drag	8	static
lv_obj.c:3001:15:lv_obj_get_drag_dir	8	static
lv_obj.c:3013:6:lv_obj_get_drag_throw	8	static
lv_obj.c:3025:6:lv_obj_get_drag_parent	0	static
lv_obj.c:3035:6:lv_obj_get_gesture_parent	0	static
lv_obj.c:3045:6:lv_obj_get_focus_parent	0	static
lv_obj.c:3055:6:lv_obj_get_parent_event	8	static
lv_obj.c:3063:15:lv_obj_get_base_dir	8	static
lv_obj.c:273:12:lv_obj_create	32	static
lv_obj.c:665:6:lv_obj_set_parent	32	static
lv_obj.c:850:6:lv_obj_set_size	24	static
lv_obj.c:904:6:lv_obj_set_width	16	static
lv_obj.c:916:6:lv_obj_set_height	16	static
lv_obj.c:3088:9:lv_obj_get_protect	8	static
lv_obj.c:3101:6:lv_obj_is_protected	16	static
lv_obj.c:3108:12:lv_obj_get_state	24	static
lv_obj.c:2717:12:_lv_obj_get_style_color	40	static
lv_obj.c:2586:16:_lv_obj_get_style_int	56	static
lv_obj_style_dec.h:103:1:lv_obj_get_style_clip_corner	8	static
lv_obj.c:2397:12:lv_obj_get_width_margin	16	static
lv_obj.c:928:6:lv_obj_set_width_fit	16	static
lv_obj.c:941:6:lv_obj_set_height_fit	16	static
lv_obj.c:955:6:lv_obj_set_width_margin	16	static
lv_obj.c:969:6:lv_obj_set_height_margin	16	static
lv_obj.c:2383:12:lv_obj_get_height_margin	16	static
lv_obj.c:2367:12:lv_obj_get_height_fit	16	static
lv_obj.c:2436:12:lv_obj_get_height_grid	24	static
lv_obj.c:2352:12:lv_obj_get_width_fit	16	static
lv_obj.c:2415:12:lv_obj_get_width_grid	24	static
lv_obj.c:2267:6:lv_obj_get_inner_coords	16	static
lv_obj.c:4636:13:update_style_cache	24	static
lv_obj.c:2773:10:_lv_obj_get_style_opa	56	static
lv_obj.c:2852:14:_lv_obj_get_style_ptr	48	static
lv_obj.c:4490:13:trans_anim_start_cb	16	static
lv_obj.c:4723:13:update_style_cache_children	32	static
lv_obj.c:4760:13:invalidate_style_cache	16	static
lv_obj.c:1387:6:lv_obj_refresh_style	16	static
lv_obj.c:1196:6:lv_obj_add_style	16	static
lv_obj.c:1220:6:lv_obj_remove_style	16	static
lv_obj.c:1267:6:lv_obj_reset_style_list	16	static
lv_obj.c:1286:6:_lv_obj_set_style_local_int	24	static
lv_obj.c:1308:6:_lv_obj_set_style_local_color	24	static
lv_obj.c:1330:6:_lv_obj_set_style_local_opa	24	static
lv_obj.c:4545:13:opa_scale_anim	0	static
lv_obj.c:1352:6:_lv_obj_set_style_local_ptr	24	static
lv_obj.c:4083:13:report_style_mod_core	24	static
lv_obj.c:1467:6:lv_obj_report_style_mod	24	static
lv_obj.c:4454:13:trans_anim_cb	24	static
lv_obj.c:1855:6:lv_obj_finish_transitions	24	static
lv_obj.c:3131:16:lv_obj_get_signal_cb	8	static
lv_obj.c:3143:16:lv_obj_get_design_cb	8	static
lv_obj.c:3155:15:lv_obj_get_event_cb	8	static
lv_obj.c:3172:8:lv_obj_get_ext_attr	8	static
lv_obj.c:3185:6:lv_obj_get_type	48	static
lv_obj.c:3253:8:lv_obj_get_group	8	static
lv_obj.c:3777:13:obj_del_core	24	static
lv_obj.c:480:10:lv_obj_del	24	static
lv_obj.c:515:6:lv_obj_del_anim_ready_cb	0	static
lv_obj.c:3770:13:lv_obj_del_async_cb	8	static
lv_obj.c:537:6:lv_obj_clean	8	static
lv_obj.c:3270:6:lv_obj_is_focused	8	static
lv_obj.c:3298:6:lv_obj_is_point_on_coords	16	static
lv_obj.c:3330:6:lv_obj_hittest	16	static
lv_obj.c:3350:10:lv_obj_handle_get_type_signal	8	static
lv_obj.c:3369:6:lv_obj_init_draw_rect_dsc	24	static
lv_obj.c:3860:24:lv_obj_design	136	static
lv_obj.c:3505:6:lv_obj_init_draw_label_dsc	16	static
lv_obj.c:3538:6:lv_obj_init_draw_img_dsc	16	static
lv_obj.c:3565:6:lv_obj_init_draw_line_dsc	16	static
lv_obj.c:4790:13:style_snapshot	40	static
lv_obj.c:1714:6:lv_obj_set_state.part.35	464	static
lv_obj.c:1714:6:lv_obj_set_state	16	static
lv_obj.c:1822:6:lv_obj_add_state	16	static
lv_obj.c:1839:6:lv_obj_clear_state	16	static
lv_obj.c:3601:12:lv_obj_get_draw_rect_ext_pad_size	64	static
lv_obj.c:3677:6:lv_obj_fade_in	88	static
lv_obj.c:3702:6:lv_obj_fade_out	88	static
lv_obj.c:3726:6:lv_debug_check_obj_type	48	static
lv_obj.c:3748:6:lv_debug_check_obj_valid	24	static
lv_obj.c:3968:12:lv_obj_get_focused_obj	8	static
lv_obj.c:3986:17:lv_obj_signal	8	static
lv_obj.c:1629:6:lv_obj_set_focus_parent	16	static
