lv_refr.c:731:13:lv_refr_vdb_flush	16	static
lv_refr.c:652:13:lv_refr_obj	64	static
lv_refr.c:606:13:lv_refr_obj_and_children	24	static
lv_refr.c:564:18:lv_refr_get_top_obj	24	static
lv_refr.c:479:13:lv_refr_area_part	128	static
lv_area.h:100:20:lv_area_copy	0	static
lv_refr.c:70:6:_lv_refr_init	0	static
lv_refr.c:104:6:_lv_inv_area	40	static
lv_refr.c:155:12:_lv_refr_get_disp_refreshing	0	static
lv_refr.c:165:6:_lv_refr_set_disp_refreshing	0	static
lv_refr.c:173:6:_lv_disp_refr_task	80	static
lv_refr.c:81:6:lv_refr_now	8	static
